// Jest Snapshot v1, https://goo.gl/fbAQLP

exports[`Tests Filter component Matching snapshot 1`] = `
<Fragment>
  <input />
  <label />
</Fragment>
`;
