// Jest Snapshot v1, https://goo.gl/fbAQLP

exports[`Tests NetflixLogo component Matching snapshot 1`] = `
<p
  className="netflix-logo"
>
  netflixroulette
</p>
`;
