// Jest Snapshot v1, https://goo.gl/fbAQLP

exports[`Tests FilmsByGenre component Matching snapshot 1`] = `
<p
  className="films-by-genre"
>
  Films by N genre
</p>
`;
