// Jest Snapshot v1, https://goo.gl/fbAQLP

exports[`Tests MoviesFound component Matching snapshot 1`] = `
<p
  className="movies-found"
>
  N movies found
</p>
`;
