// Jest Snapshot v1, https://goo.gl/fbAQLP

exports[`Tests NoFilmsFound component Matching snapshot 1`] = `
<div
  className="no-films-found-wrapper"
>
  <p
    className="no-films-found-text"
  >
    No films found
  </p>
</div>
`;
