// Jest Snapshot v1, https://goo.gl/fbAQLP

exports[`Tests SortBy component Matching snapshot 1`] = `
<ContextConsumer>
  <Component />
</ContextConsumer>
`;
